// Jest Snapshot v1, https://goo.gl/fbAQLP

exports[`ContactForm renders Contact Form as expected 1`] = `
Array [
  <a
    className="wmrards-link wmrards-header__skip-link"
    href="#wmrards-main-content"
    target="_self"
    title="Skip to main content"
  >
    Skip to main content
  </a>,
  <header>
    <div
      className="wmrards-bg-white wmrards-p-t-md wmrards-p-b-md wmrards-cookies-banner"
    >
      <div
        className="wmrards-container"
      >
        <div
          className="wmrards-col-1 wmrards-col-md-3-4 wmrards-col-lg-2-3"
        >
          <h3>
            Your privacy settings
          </h3>
          <p>
            We use cookies to help you with journey planning and relevant disruptions, remember your login and show you content you might be interested in. If you're happy with the use of cookies by West Midlands Combined Authority and our selected partners, click 'Accept all cookies'. Or click 'Manage cookies' to learn more.
          </p>
          <div
            className="wmrards-grid wmrards-grid--justify-between wmrards-cookies-banner__group-buttons"
          >
            <button
              className="wmrards-btn wmrards-col-1 wmrards-col-sm-1 wmrards-col-md-12-24  wmrards-cookies-banner__accept-all-cookies wmrards-text-align-center"
              type="button"
            >
              Accept all cookies
            </button>
            <a
              className="wmrards-btn wmrards-btn wmrards-col-1 wmrards-col-sm-1 wmrards-col-md-12-24 wmrards-text-align-center"
              href="https://www.tfwm.org.uk/manage-cookies/"
              target="_self"
              title="link title"
            >
              Manage Cookies
            </a>
          </div>
        </div>
      </div>
    </div>
    <div
      className="wmrards-header"
    >
      <div
        className="wmrards-container wmrards-grid wmrards-grid--align-center wmrards-grid--justify-between"
      >
        <div
          className="wmrards-header__vertical-align wmrards-col-auto"
        >
          <a
            className="wmrards-header__logo-link"
            href="/"
            title="Transport for West Midlands Design System"
          >
            <img
              alt="Transport for West Midlands logo"
              className="wmrards-header__logo"
              src="https://cloudcdn.wmca.org.uk/staging/rarassets/1.0.0/img/logo.svg"
            />
          </a>
        </div>
        <h1
          className="wmrards-header__title wmrards-col-1 wmrards-col-sm-auto"
        >
          Contact us
        </h1>
      </div>
    </div>
  </header>,
  <main
    className="wmrards-container wmrards-container--main wmrards-p-b-lg wmrards-grid"
  >
    <div
      className="wmrards-col-1 wmrards-col-md-2-3"
    >
      <nav
        aria-label="Main example breadcrumbs"
        className="wmrards-breadcrumb"
      >
        <ol
          className="wmrards-breadcrumb__list"
        >
          <li
            className="wmrards-breadcrumb__list-item"
          >
            <a
              className="wmrards-breadcrumb__link"
              href="/"
            >
              Home
            </a>
          </li>
          <li
            className="wmrards-breadcrumb__list-item"
          >
            <a
              aria-current="page"
              className="wmrards-breadcrumb__link wmrards-breadcrumb__link--current"
              href="#"
            >
              Contact us
            </a>
          </li>
        </ol>
      </nav>
      <div
        className="wmrards-col-1 wmrards-col-md-2-3"
      >
        <div
          className="wmrards-col-1 wmrards-m-b-md"
        />
      </div>
      <div
        className="wmrards-p-lg wmrards-bg-white"
      >
        <form
          onSubmit={[Function]}
        >
          <div
            className="wmrards-fe-group undefined"
          >
            <h2
              className="wmrards-fe-question"
            >
              What is your enquiry about?
            </h2>
            <div
              className="wmrards-fe-radios null"
              role="radiogroup"
            >
              <label
                className="wmrards-fe-radios__container"
              >
                General enquiry
                <input
                  checked={false}
                  className="wmrards-fe-radios__input"
                  name="enquiryType"
                  onBlur={[Function]}
                  onChange={[Function]}
                  onClick={[Function]}
                  onFocus={[Function]}
                  type="radio"
                  value="generalEnquiry"
                />
                <span
                  className="wmrards-fe-radios__checkmark"
                />
              </label>
              <label
                className="wmrards-fe-radios__container"
              >
                Service issues
                <input
                  checked={false}
                  className="wmrards-fe-radios__input"
                  name="enquiryType"
                  onBlur={[Function]}
                  onChange={[Function]}
                  onClick={[Function]}
                  onFocus={[Function]}
                  type="radio"
                  value="serviceIssues"
                />
                <span
                  className="wmrards-fe-radios__checkmark"
                />
              </label>
              <label
                className="wmrards-fe-radios__container"
              >
                Lost property
                <input
                  checked={false}
                  className="wmrards-fe-radios__input"
                  name="enquiryType"
                  onBlur={[Function]}
                  onChange={[Function]}
                  onClick={[Function]}
                  onFocus={[Function]}
                  type="radio"
                  value="lostProperty"
                />
                <span
                  className="wmrards-fe-radios__checkmark"
                />
              </label>
              <label
                className="wmrards-fe-radios__container"
              >
                Staff
                <input
                  checked={false}
                  className="wmrards-fe-radios__input"
                  name="enquiryType"
                  onBlur={[Function]}
                  onChange={[Function]}
                  onClick={[Function]}
                  onFocus={[Function]}
                  type="radio"
                  value="staff"
                />
                <span
                  className="wmrards-fe-radios__checkmark"
                />
              </label>
              <label
                className="wmrards-fe-radios__container"
              >
                Service updates
                <input
                  checked={false}
                  className="wmrards-fe-radios__input"
                  name="enquiryType"
                  onBlur={[Function]}
                  onChange={[Function]}
                  onClick={[Function]}
                  onFocus={[Function]}
                  type="radio"
                  value="serviceUpdates"
                />
                <span
                  className="wmrards-fe-radios__checkmark"
                />
              </label>
            </div>
          </div>
          <div>
            <button
              className="wmrards-btn"
              onClick={[Function]}
              type="submit"
            >
              Continue
            </button>
          </div>
          <div
            style={
              Object {
                "display": "none",
                "marginTop": "5rem",
              }
            }
          >
            <pre>
              {
  "formName": "Contact"
}
            </pre>
          </div>
        </form>
      </div>
    </div>
  </main>,
]
`;
